** Drc report for imuTag.kicad_pcb **
** Created on 2026-05-15T20:43:18+0200 **

** Found 20 DRC violations **
[annular_width]: Restring-Breite (Einschränkungen aus Platinenkonfiguration min Restring-Breite 0,1000 mm; tatsächlich 0,0457 mm)
    Regel: Einschränkungen aus Platinenkonfiguration; error
    @(153,4553 mm, 108,3198 mm): Durchsteckpad 4 [<no net>] von BTN1
[annular_width]: Restring-Breite (Einschränkungen aus Platinenkonfiguration min Restring-Breite 0,1000 mm; tatsächlich 0,0457 mm)
    Regel: Einschränkungen aus Platinenkonfiguration; error
    @(155,9217 mm, 111,8422 mm): Durchsteckpad 5 [<no net>] von BTN1
[annular_width]: Restring-Breite (Einschränkungen aus Platinenkonfiguration min Restring-Breite 0,1000 mm; tatsächlich -0,0032 mm)
    Regel: Einschränkungen aus Platinenkonfiguration; error
    @(172,4958 mm, 86,1541 mm): PTH-Pad [<no net>] von USBC1
[annular_width]: Restring-Breite (Einschränkungen aus Platinenkonfiguration min Restring-Breite 0,1000 mm; tatsächlich -0,0032 mm)
    Regel: Einschränkungen aus Platinenkonfiguration; error
    @(166,6958 mm, 86,1541 mm): PTH-Pad [<no net>] von USBC1
[annular_width]: Restring-Breite (Einschränkungen aus Platinenkonfiguration min Restring-Breite 0,1000 mm; tatsächlich -0,0036 mm)
    Regel: Einschränkungen aus Platinenkonfiguration; error
    @(181,0351 mm, 88,4843 mm): PTH-Pad [<no net>] von VCCSEL1
[annular_width]: Restring-Breite (Einschränkungen aus Platinenkonfiguration min Restring-Breite 0,1000 mm; tatsächlich -0,0036 mm)
    Regel: Einschränkungen aus Platinenkonfiguration; error
    @(178,7369 mm, 86,5560 mm): PTH-Pad [<no net>] von VCCSEL1
[annular_width]: Restring-Breite (Einschränkungen aus Platinenkonfiguration min Restring-Breite 0,1000 mm; tatsächlich 0,0457 mm)
    Regel: Einschränkungen aus Platinenkonfiguration; error
    @(158,0859 mm, 86,2829 mm): Durchsteckpad 4 [<no net>] von RESET1
[annular_width]: Restring-Breite (Einschränkungen aus Platinenkonfiguration min Restring-Breite 0,1000 mm; tatsächlich 0,0457 mm)
    Regel: Einschränkungen aus Platinenkonfiguration; error
    @(155,0453 mm, 89,3235 mm): Durchsteckpad 5 [<no net>] von RESET1
[clearance]: Freiraum-Verstoß (Netzklasse "Default" Freiraum 0,2000 mm; tatsächlich 0,1851 mm)
    Regel: Netzklasse "Default"; error
    @(172,4958 mm, 86,1541 mm): PTH-Pad [<no net>] von USBC1
    @(172,7958 mm, 87,4141 mm): Pad A1B12 [GND] von USBC1 auf F.Cu
[clearance]: Freiraum-Verstoß (Netzklasse "Default" Freiraum 0,2000 mm; tatsächlich 0,1851 mm)
    Regel: Netzklasse "Default"; error
    @(166,6958 mm, 86,1541 mm): PTH-Pad [<no net>] von USBC1
    @(166,3958 mm, 87,4141 mm): Pad B1A12 [GND] von USBC1 auf F.Cu
[clearance]: Freiraum-Verstoß (Netzklasse "GND" Freiraum 0,1500 mm; tatsächlich 0,1002 mm)
    Regel: Netzklasse "GND"; error
    @(172,7958 mm, 87,4141 mm): Pad A1B12 [GND] von USBC1 auf F.Cu
    @(171,9958 mm, 87,4141 mm): Pad A4B9 [/+5V_USB] von USBC1 auf F.Cu
[clearance]: Freiraum-Verstoß (Netzklasse "Default" Freiraum 0,2000 mm; tatsächlich 0,1499 mm)
    Regel: Netzklasse "Default"; error
    @(171,9958 mm, 87,4141 mm): Pad A4B9 [/+5V_USB] von USBC1 auf F.Cu
    @(171,3458 mm, 87,4141 mm): Pad B8 [unconnected-(USBC1-SBU2-PadB8)] von USBC1 auf F.Cu
[clearance]: Freiraum-Verstoß (Netzklasse "GND" Freiraum 0,1500 mm; tatsächlich 0,1000 mm)
    Regel: Netzklasse "GND"; error
    @(166,3958 mm, 87,4141 mm): Pad B1A12 [GND] von USBC1 auf F.Cu
    @(167,1958 mm, 87,4141 mm): Pad B4A9 [/+5V_USB] von USBC1 auf F.Cu
[clearance]: Freiraum-Verstoß (Netzklasse "Default" Freiraum 0,2000 mm; tatsächlich 0,1498 mm)
    Regel: Netzklasse "Default"; error
    @(167,1958 mm, 87,4141 mm): Pad B4A9 [/+5V_USB] von USBC1 auf F.Cu
    @(167,8458 mm, 87,4141 mm): Pad B5 [Net-(USBC1-CC2)] von USBC1 auf F.Cu
[malformed_courtyard]: Footprint hat fehlerhafte Abstandsfläche (keine geschlossene Form)
    Lokale Überschreibung; error
    @(179,6546 mm, 87,7959 mm): Footprint VCCSEL1
[copper_edge_clearance]: Platinenkanten-Freiraum-Verstoß (Einschränkungen aus Platinenkonfiguration zum Rand Freiraum 0,2000 mm; tatsächlich 0,0303 mm)
    Regel: Einschränkungen aus Platinenkonfiguration zum Rand; error
    @(151,9322 mm, 108,4623 mm): Abschnitt auf Edge.Cuts
    @(152,7058 mm, 108,9057 mm): Pad 4 [<no net>] von BTN1 auf F.Cu
[copper_edge_clearance]: Platinenkanten-Freiraum-Verstoß (Einschränkungen aus Platinenkonfiguration zum Rand Freiraum 0,2000 mm; tatsächlich 0,1536 mm)
    Regel: Einschränkungen aus Platinenkonfiguration zum Rand; error
    @(155,1868 mm, 113,1448 mm): Abschnitt auf Edge.Cuts
    @(155,1148 mm, 112,3461 mm): Pad 5 [<no net>] von BTN1 auf F.Cu
[copper_edge_clearance]: Platinenkanten-Freiraum-Verstoß (Einschränkungen aus Platinenkonfiguration zum Rand Freiraum 0,2000 mm; tatsächlich 0,0444 mm)
    Regel: Einschränkungen aus Platinenkonfiguration zum Rand; error
    @(153,6101 mm, 88,8643 mm): Abschnitt auf Edge.Cuts
    @(157,3788 mm, 85,6465 mm): Pad 4 [<no net>] von RESET1 auf F.Cu
[copper_edge_clearance]: Platinenkanten-Freiraum-Verstoß (Einschränkungen aus Platinenkonfiguration zum Rand Freiraum 0,2000 mm; tatsächlich 0,0398 mm)
    Regel: Einschränkungen aus Platinenkonfiguration zum Rand; error
    @(153,6101 mm, 88,8643 mm): Abschnitt auf Edge.Cuts
    @(154,4089 mm, 88,6164 mm): Pad 5 [<no net>] von RESET1 auf F.Cu
[starved_thermal]: Verbindung der thermischen Entlastung zur Zone unvollständig (Lage F.Cu; Zone min. Speichenanzahl 2; tatsächlich 1)
    Lokale Überschreibung; error
    @(146,6596 mm, 77,4446 mm): Zone [/VBAT] auf F.Cu
    @(157,2429 mm, 102,5178 mm): Pad 1 [/VBAT] von R2 auf F.Cu

** Found 120 unconnected pads **
[unconnected_items]: Fehlende Verbindung zwischen Elementen
    Lokale Überschreibung; error
    @(165,7717 mm, 104,3206 mm): Pad 7 [GND] von U4 auf F.Cu
    @(165,7717 mm, 103,8206 mm): Pad 6 [GND] von U4 auf F.Cu
[unconnected_items]: Fehlende Verbindung zwischen Elementen
    Lokale Überschreibung; error
    @(162,9544 mm, 95,9652 mm): Pad 6 [GND] von U5 auf F.Cu
    @(162,4544 mm, 95,4652 mm): Pad 8 [GND] von U5 auf F.Cu
[unconnected_items]: Fehlende Verbindung zwischen Elementen
    Lokale Überschreibung; error
    @(152,4762 mm, 96,7232 mm): Pad 3 [GND] von J1 auf F.Cu
    @(152,4762 mm, 97,9932 mm): Pad 5 [GND] von J1 auf F.Cu
[unconnected_items]: Fehlende Verbindung zwischen Elementen
    Lokale Überschreibung; error
    @(173,9258 mm, 86,6541 mm): Durchsteckpad 4 [GND] von USBC1
    @(172,7958 mm, 87,4141 mm): Pad A1B12 [GND] von USBC1 auf F.Cu
[unconnected_items]: Fehlende Verbindung zwischen Elementen
    Lokale Überschreibung; error
    @(166,3958 mm, 87,4141 mm): Pad B1A12 [GND] von USBC1 auf F.Cu
    @(165,2658 mm, 86,6541 mm): Durchsteckpad 1 [GND] von USBC1
[unconnected_items]: Fehlende Verbindung zwischen Elementen
    Lokale Überschreibung; error
    @(166,1199 mm, 89,4866 mm): Pad 2 [GND] von C1 auf F.Cu
    @(166,0445 mm, 91,3154 mm): Pad 2 [GND] von R1 auf F.Cu
[unconnected_items]: Fehlende Verbindung zwischen Elementen
    Lokale Überschreibung; error
    @(164,7952 mm, 95,7450 mm): Pad 1 [GND] von C16 auf F.Cu
    @(162,9544 mm, 95,9652 mm): Pad 6 [GND] von U5 auf F.Cu
[unconnected_items]: Fehlende Verbindung zwischen Elementen
    Lokale Überschreibung; error
    @(170,1715 mm, 101,0566 mm): Pad 2 [GND] von C4 auf F.Cu
    @(168,2411 mm, 101,0566 mm): Pad 2 [GND] von C5 auf F.Cu
[unconnected_items]: Fehlende Verbindung zwischen Elementen
    Lokale Überschreibung; error
    @(165,7717 mm, 104,3206 mm): Pad 7 [GND] von U4 auf F.Cu
    @(163,8469 mm, 104,5364 mm): Pad 2 [GND] von C18 auf F.Cu
[unconnected_items]: Fehlende Verbindung zwischen Elementen
    Lokale Überschreibung; error
    @(164,8336 mm, 93,8022 mm): Pad 1 [GND] von C21 auf F.Cu
    @(164,7952 mm, 95,7450 mm): Pad 1 [GND] von C16 auf F.Cu
[unconnected_items]: Fehlende Verbindung zwischen Elementen
    Lokale Überschreibung; error
    @(161,3030 mm, 93,8022 mm): Pad 1 [GND] von C17 auf F.Cu
    @(162,4544 mm, 95,4652 mm): Pad 8 [GND] von U5 auf F.Cu
[unconnected_items]: Fehlende Verbindung zwischen Elementen
    Lokale Überschreibung; error
    @(166,1199 mm, 89,4866 mm): Pad 2 [GND] von C1 auf F.Cu
    @(166,3958 mm, 87,4141 mm): Pad B1A12 [GND] von USBC1 auf F.Cu
[unconnected_items]: Fehlende Verbindung zwischen Elementen
    Lokale Überschreibung; error
    @(170,7303 mm, 114,0614 mm): Pad 1 [GND] von C14 auf F.Cu
    @(168,6221 mm, 114,0614 mm): Pad 1 [GND] von C2 auf F.Cu
[unconnected_items]: Fehlende Verbindung zwischen Elementen
    Lokale Überschreibung; error
    @(165,7717 mm, 104,3206 mm): Pad 7 [GND] von U4 auf F.Cu
    @(166,7301 mm, 106,6062 mm): Pad 2 [GND] von C20 auf F.Cu
[unconnected_items]: Fehlende Verbindung zwischen Elementen
    Lokale Überschreibung; error
    @(172,8530 mm, 101,7231 mm): Pad 21 [GND] von U1 auf F.Cu
    @(170,1715 mm, 101,0566 mm): Pad 2 [GND] von C4 auf F.Cu
[unconnected_items]: Fehlende Verbindung zwischen Elementen
    Lokale Überschreibung; error
    @(164,8336 mm, 93,8022 mm): Pad 1 [GND] von C21 auf F.Cu
    @(166,0445 mm, 91,3154 mm): Pad 2 [GND] von R1 auf F.Cu
[unconnected_items]: Fehlende Verbindung zwischen Elementen
    Lokale Überschreibung; error
    @(172,8530 mm, 101,7231 mm): Pad 21 [GND] von U1 auf F.Cu
    @(174,9530 mm, 103,6331 mm): Pad 24 [GND] von U1 auf F.Cu
[unconnected_items]: Fehlende Verbindung zwischen Elementen
    Lokale Überschreibung; error
    @(159,9184 mm, 97,1680 mm): Pad 1 [GND] von C19 auf F.Cu
    @(162,4544 mm, 95,4652 mm): Pad 8 [GND] von U5 auf F.Cu
[unconnected_items]: Fehlende Verbindung zwischen Elementen
    Lokale Überschreibung; error
    @(161,5749 mm, 106,6316 mm): Pad 1 [GND] von D2 auf F.Cu
    @(163,8469 mm, 104,5364 mm): Pad 2 [GND] von C18 auf F.Cu
[unconnected_items]: Fehlende Verbindung zwischen Elementen
    Lokale Überschreibung; error
    @(166,0445 mm, 91,3154 mm): Pad 2 [GND] von R1 auf F.Cu
    @(168,5798 mm, 93,1672 mm): Pad 2 [GND] von R4 auf F.Cu
[unconnected_items]: Fehlende Verbindung zwischen Elementen
    Lokale Überschreibung; error
    @(169,5711 mm, 111,0082 mm): Pad 2 [GND] von U2 auf F.Cu
    @(168,6221 mm, 114,0614 mm): Pad 1 [GND] von C2 auf F.Cu
[unconnected_items]: Fehlende Verbindung zwischen Elementen
    Lokale Überschreibung; error
    @(166,0144 mm, 110,3128 mm): Pad 2 [GND] von C3 auf F.Cu
    @(169,5711 mm, 111,0082 mm): Pad 2 [GND] von U2 auf F.Cu
[unconnected_items]: Fehlende Verbindung zwischen Elementen
    Lokale Überschreibung; error
    @(165,7717 mm, 103,8206 mm): Pad 6 [GND] von U4 auf F.Cu
    @(168,2411 mm, 101,0566 mm): Pad 2 [GND] von C5 auf F.Cu
[unconnected_items]: Fehlende Verbindung zwischen Elementen
    Lokale Überschreibung; error
    @(166,7301 mm, 106,6062 mm): Pad 2 [GND] von C20 auf F.Cu
    @(166,0144 mm, 110,3128 mm): Pad 2 [GND] von C3 auf F.Cu
[unconnected_items]: Fehlende Verbindung zwischen Elementen
    Lokale Überschreibung; error
    @(159,1479 mm, 102,5178 mm): Pad 2 [GND] von R3 auf F.Cu
    @(162,2953 mm, 99,4180 mm): Pad 2 [GND] von BAT1 auf B.Cu
[unconnected_items]: Fehlende Verbindung zwischen Elementen
    Lokale Überschreibung; error
    @(159,1479 mm, 102,5178 mm): Pad 2 [GND] von R3 auf F.Cu
    @(161,5749 mm, 106,6316 mm): Pad 1 [GND] von D2 auf F.Cu
[unconnected_items]: Fehlende Verbindung zwischen Elementen
    Lokale Überschreibung; error
    @(168,6221 mm, 114,0614 mm): Pad 1 [GND] von C2 auf F.Cu
    @(163,8046 mm, 116,9670 mm): Pad 1 [GND] von R6 auf F.Cu
[unconnected_items]: Fehlende Verbindung zwischen Elementen
    Lokale Überschreibung; error
    @(161,3030 mm, 93,8022 mm): Pad 1 [GND] von C17 auf F.Cu
    @(156,2828 mm, 89,9245 mm): Pad 1 [GND] von RESET1 auf F.Cu
[unconnected_items]: Fehlende Verbindung zwischen Elementen
    Lokale Überschreibung; error
    @(161,5749 mm, 106,6316 mm): Pad 1 [GND] von D2 auf F.Cu
    @(156,7285 mm, 110,7279 mm): Pad 1 [GND] von BTN1 auf F.Cu
[unconnected_items]: Fehlende Verbindung zwischen Elementen
    Lokale Überschreibung; error
    @(159,9184 mm, 97,1680 mm): Pad 1 [GND] von C19 auf F.Cu
    @(152,4762 mm, 96,7232 mm): Pad 3 [GND] von J1 auf F.Cu
[unconnected_items]: Fehlende Verbindung zwischen Elementen
    Lokale Überschreibung; error
    @(174,9530 mm, 103,6331 mm): Pad 24 [GND] von U1 auf F.Cu
    @(180,3917 mm, 110,1205 mm): Pad 4 [GND] von U3 auf F.Cu
[unconnected_items]: Fehlende Verbindung zwischen Elementen
    Lokale Überschreibung; error
    @(181,7930 mm, 93,3231 mm): Pad 5 [GND] von U1 auf F.Cu
    @(173,9258 mm, 86,6541 mm): Durchsteckpad 4 [GND] von USBC1
[unconnected_items]: Fehlende Verbindung zwischen Elementen
    Lokale Überschreibung; error
    @(180,4205 mm, 90,3836 mm): Pad 1 [/VBAT] von VCCSEL1 auf F.Cu
    @(146,6596 mm, 77,4446 mm): Zone [/VBAT] auf F.Cu
[unconnected_items]: Fehlende Verbindung zwischen Elementen
    Lokale Überschreibung; error
    @(168,6221 mm, 112,5114 mm): Pad 2 [/+5V_USB] von C2 auf F.Cu
    @(168,6211 mm, 111,0082 mm): Pad 1 [/+5V_USB] von U2 auf F.Cu
[unconnected_items]: Fehlende Verbindung zwischen Elementen
    Lokale Überschreibung; error
    @(170,5211 mm, 111,0082 mm): Pad 3 [/+5V_USB] von U2 auf F.Cu
    @(168,6211 mm, 111,0082 mm): Pad 1 [/+5V_USB] von U2 auf F.Cu
[unconnected_items]: Fehlende Verbindung zwischen Elementen
    Lokale Überschreibung; error
    @(167,1958 mm, 87,4141 mm): Pad B4A9 [/+5V_USB] von USBC1 auf F.Cu
    @(167,6699 mm, 89,4866 mm): Pad 1 [/+5V_USB] von C1 auf F.Cu
[unconnected_items]: Fehlende Verbindung zwischen Elementen
    Lokale Überschreibung; error
    @(167,6699 mm, 89,4866 mm): Pad 1 [/+5V_USB] von C1 auf F.Cu
    @(169,8669 mm, 90,1470 mm): Pad 1 [/+5V_USB] von F1 auf F.Cu
[unconnected_items]: Fehlende Verbindung zwischen Elementen
    Lokale Überschreibung; error
    @(173,0669 mm, 90,1470 mm): Pad 2 [/+5V_USB] von F1 auf F.Cu
    @(171,9958 mm, 87,4141 mm): Pad A4B9 [/+5V_USB] von USBC1 auf F.Cu
[unconnected_items]: Fehlende Verbindung zwischen Elementen
    Lokale Überschreibung; error
    @(169,8669 mm, 90,1470 mm): Pad 1 [/+5V_USB] von F1 auf F.Cu
    @(173,0669 mm, 90,1470 mm): Pad 2 [/+5V_USB] von F1 auf F.Cu
[unconnected_items]: Fehlende Verbindung zwischen Elementen
    Lokale Überschreibung; error
    @(169,8669 mm, 90,1470 mm): Pad 1 [/+5V_USB] von F1 auf F.Cu
    @(170,5211 mm, 111,0082 mm): Pad 3 [/+5V_USB] von U2 auf F.Cu
[unconnected_items]: Fehlende Verbindung zwischen Elementen
    Lokale Überschreibung; error
    @(168,6211 mm, 108,8082 mm): Pad 5 [Net-(D3-K)] von U2 auf F.Cu
    @(166,0144 mm, 108,7628 mm): Pad 1 [Net-(D3-K)] von C3 auf F.Cu
[unconnected_items]: Fehlende Verbindung zwischen Elementen
    Lokale Überschreibung; error
    @(166,0144 mm, 108,7628 mm): Pad 1 [Net-(D3-K)] von C3 auf F.Cu
    @(163,2458 mm, 112,7760 mm): Pad 1 [Net-(D3-K)] von D3 auf F.Cu
[unconnected_items]: Fehlende Verbindung zwischen Elementen
    Lokale Überschreibung; error
    @(161,4544 mm, 95,4652 mm): Pad 10 [VCC] von U5 auf F.Cu
    @(161,9544 mm, 95,4652 mm): Pad 9 [VCC] von U5 auf F.Cu
[unconnected_items]: Fehlende Verbindung zwischen Elementen
    Lokale Überschreibung; error
    @(161,4544 mm, 95,4652 mm): Pad 10 [VCC] von U5 auf F.Cu
    @(159,9184 mm, 95,6180 mm): Pad 2 [VCC] von C19 auf F.Cu
[unconnected_items]: Fehlende Verbindung zwischen Elementen
    Lokale Überschreibung; error
    @(165,7717 mm, 103,3206 mm): Pad 5 [VCC] von U4 auf F.Cu
    @(165,9417 mm, 104,9906 mm): Pad 8 [VCC] von U4 auf F.Cu
[unconnected_items]: Fehlende Verbindung zwischen Elementen
    Lokale Überschreibung; error
    @(165,1801 mm, 106,6062 mm): Pad 1 [VCC] von C20 auf F.Cu
    @(165,9417 mm, 104,9906 mm): Pad 8 [VCC] von U4 auf F.Cu
[unconnected_items]: Fehlende Verbindung zwischen Elementen
    Lokale Überschreibung; error
    @(159,9184 mm, 95,6180 mm): Pad 2 [VCC] von C19 auf F.Cu
    @(159,7530 mm, 93,8022 mm): Pad 2 [VCC] von C17 auf F.Cu
[unconnected_items]: Fehlende Verbindung zwischen Elementen
    Lokale Überschreibung; error
    @(170,1715 mm, 99,5066 mm): Pad 1 [VCC] von C4 auf F.Cu
    @(168,2411 mm, 99,5066 mm): Pad 1 [VCC] von C5 auf F.Cu
[unconnected_items]: Fehlende Verbindung zwischen Elementen
    Lokale Überschreibung; error
    @(165,7717 mm, 103,3206 mm): Pad 5 [VCC] von U4 auf F.Cu
    @(163,8469 mm, 102,9864 mm): Pad 1 [VCC] von C18 auf F.Cu
[unconnected_items]: Fehlende Verbindung zwischen Elementen
    Lokale Überschreibung; error
    @(169,5619 mm, 104,7134 mm): Pad 1 [VCC] von R10 auf F.Cu
    @(168,6221 mm, 106,5554 mm): Pad 2 [VCC] von L1 auf F.Cu
[unconnected_items]: Fehlende Verbindung zwischen Elementen
    Lokale Überschreibung; error
    @(163,2836 mm, 93,8022 mm): Pad 2 [VCC] von C21 auf F.Cu
    @(161,9544 mm, 95,4652 mm): Pad 9 [VCC] von U5 auf F.Cu
[unconnected_items]: Fehlende Verbindung zwischen Elementen
    Lokale Überschreibung; error
    @(167,1828 mm, 97,1164 mm): Pad 1 [VCC] von R15 auf F.Cu
    @(168,2411 mm, 99,5066 mm): Pad 1 [VCC] von C5 auf F.Cu
[unconnected_items]: Fehlende Verbindung zwischen Elementen
    Lokale Überschreibung; error
    @(172,8530 mm, 100,4531 mm): Pad 19 [VCC] von U1 auf F.Cu
    @(170,1715 mm, 99,5066 mm): Pad 1 [VCC] von C4 auf F.Cu
[unconnected_items]: Fehlende Verbindung zwischen Elementen
    Lokale Überschreibung; error
    @(170,7303 mm, 112,5114 mm): Pad 2 [VCC] von C14 auf F.Cu
    @(173,3117 mm, 113,9205 mm): Pad 8 [VCC] von U3 auf F.Cu
[unconnected_items]: Fehlende Verbindung zwischen Elementen
    Lokale Überschreibung; error
    @(165,9417 mm, 104,9906 mm): Pad 8 [VCC] von U4 auf F.Cu
    @(168,6221 mm, 106,5554 mm): Pad 2 [VCC] von L1 auf F.Cu
[unconnected_items]: Fehlende Verbindung zwischen Elementen
    Lokale Überschreibung; error
    @(165,7717 mm, 103,3206 mm): Pad 5 [VCC] von U4 auf F.Cu
    @(168,2411 mm, 99,5066 mm): Pad 1 [VCC] von C5 auf F.Cu
[unconnected_items]: Fehlende Verbindung zwischen Elementen
    Lokale Überschreibung; error
    @(167,1828 mm, 97,1164 mm): Pad 1 [VCC] von R15 auf F.Cu
    @(163,2836 mm, 93,8022 mm): Pad 2 [VCC] von C21 auf F.Cu
[unconnected_items]: Fehlende Verbindung zwischen Elementen
    Lokale Überschreibung; error
    @(168,6221 mm, 106,5554 mm): Pad 2 [VCC] von L1 auf F.Cu
    @(170,7303 mm, 112,5114 mm): Pad 2 [VCC] von C14 auf F.Cu
[unconnected_items]: Fehlende Verbindung zwischen Elementen
    Lokale Überschreibung; error
    @(176,7130 mm, 106,3231 mm): Pad 27 [VCC] von U1 auf F.Cu
    @(172,8530 mm, 100,4531 mm): Pad 19 [VCC] von U1 auf F.Cu
[unconnected_items]: Fehlende Verbindung zwischen Elementen
    Lokale Überschreibung; error
    @(176,7130 mm, 106,3231 mm): Pad 27 [VCC] von U1 auf F.Cu
    @(183,4303 mm, 109,4896 mm): Pad 1 [VCC] von R11 auf F.Cu
[unconnected_items]: Fehlende Verbindung zwischen Elementen
    Lokale Überschreibung; error
    @(159,9184 mm, 95,6180 mm): Pad 2 [VCC] von C19 auf F.Cu
    @(152,4762 mm, 95,4532 mm): Pad 1 [VCC] von J1 auf F.Cu
[unconnected_items]: Fehlende Verbindung zwischen Elementen
    Lokale Überschreibung; error
    @(176,3038 mm, 83,1531 mm): Pad 1 [VCC] von JP2 auf B.Cu
    @(168,0309 mm, 83,2358 mm): Pad 2 [VCC] von JP6 auf B.Cu
[unconnected_items]: Fehlende Verbindung zwischen Elementen
    Lokale Überschreibung; error
    @(165,1801 mm, 106,6062 mm): Pad 1 [VCC] von C20 auf F.Cu
    @(159,8305 mm, 115,2116 mm): Durchsteckpad 2 [VCC] von J3
[unconnected_items]: Fehlende Verbindung zwischen Elementen
    Lokale Überschreibung; error
    @(163,2836 mm, 93,8022 mm): Pad 2 [VCC] von C21 auf F.Cu
    @(168,0309 mm, 83,2358 mm): Pad 2 [VCC] von JP6 auf B.Cu
[unconnected_items]: Fehlende Verbindung zwischen Elementen
    Lokale Überschreibung; error
    @(162,9544 mm, 96,4652 mm): Pad 5 [Net-(U5-C1)] von U5 auf F.Cu
    @(164,7952 mm, 97,2950 mm): Pad 2 [Net-(U5-C1)] von C16 auf F.Cu
[unconnected_items]: Fehlende Verbindung zwischen Elementen
    Lokale Überschreibung; error
    @(159,4141 mm, 106,3268 mm): Pad 2 [Net-(D2-A)] von R5 auf F.Cu
    @(163,3249 mm, 106,6316 mm): Pad 2 [Net-(D2-A)] von D2 auf F.Cu
[unconnected_items]: Fehlende Verbindung zwischen Elementen
    Lokale Überschreibung; error
    @(160,9058 mm, 112,7760 mm): Pad 2 [/USB_3V0] von D3 auf F.Cu
    @(176,9733 mm, 87,4911 mm): Pad 3 [/USB_3V0] von VCCSEL1 auf F.Cu
[unconnected_items]: Fehlende Verbindung zwischen Elementen
    Lokale Überschreibung; error
    @(158,6869 mm, 87,5204 mm): Pad 2 [/RESET] von RESET1 auf F.Cu
    @(156,3762 mm, 100,5332 mm): Pad 10 [/RESET] von J1 auf F.Cu
[unconnected_items]: Fehlende Verbindung zwischen Elementen
    Lokale Überschreibung; error
    @(156,3762 mm, 100,5332 mm): Pad 10 [/RESET] von J1 auf F.Cu
    @(175,4430 mm, 106,3231 mm): Pad 26 [/RESET] von U1 auf F.Cu
[unconnected_items]: Fehlende Verbindung zwischen Elementen
    Lokale Überschreibung; error
    @(156,3762 mm, 95,4532 mm): Pad 2 [/SWDIO] von J1 auf F.Cu
    @(183,0630 mm, 106,3231 mm): Pad 37 [/SWDIO] von U1 auf F.Cu
[unconnected_items]: Fehlende Verbindung zwischen Elementen
    Lokale Überschreibung; error
    @(156,3762 mm, 96,7232 mm): Pad 4 [/SWDCLK] von J1 auf F.Cu
    @(184,3330 mm, 106,3231 mm): Pad 39 [/SWDCLK] von U1 auf F.Cu
[unconnected_items]: Fehlende Verbindung zwischen Elementen
    Lokale Überschreibung; error
    @(172,2628 mm, 116,5098 mm): Durchsteckpad 3 [/AI5] von J2
    @(177,9830 mm, 93,3231 mm): Pad 8 [/AI5] von U1 auf F.Cu
[unconnected_items]: Fehlende Verbindung zwischen Elementen
    Lokale Überschreibung; error
    @(176,7130 mm, 93,3231 mm): Pad 9 [/AI7] von U1 auf F.Cu
    @(177,3428 mm, 116,5098 mm): Durchsteckpad 5 [/AI7] von J2
[unconnected_items]: Fehlende Verbindung zwischen Elementen
    Lokale Überschreibung; error
    @(169,7228 mm, 116,5098 mm): Durchsteckpad 2 [/AI4] von J2
    @(183,0630 mm, 93,3231 mm): Pad 4 [/AI4] von U1 auf F.Cu
[unconnected_items]: Fehlende Verbindung zwischen Elementen
    Lokale Überschreibung; error
    @(174,8028 mm, 116,5098 mm): Durchsteckpad 4 [/AI6] von J2
    @(175,4430 mm, 93,3231 mm): Pad 10 [/AI6] von U1 auf F.Cu
[unconnected_items]: Fehlende Verbindung zwischen Elementen
    Lokale Überschreibung; error
    @(167,1828 mm, 116,5098 mm): Durchsteckpad 1 [/AI0] von J2
    @(179,2530 mm, 93,3231 mm): Pad 7 [/AI0] von U1 auf F.Cu
[unconnected_items]: Fehlende Verbindung zwischen Elementen
    Lokale Überschreibung; error
    @(178,1223 mm, 88,4552 mm): Pad 2 [Net-(J3-Pin_1)] von VCCSEL1 auf F.Cu
    @(176,3038 mm, 84,4531 mm): Pad 2 [Net-(J3-Pin_1)] von JP2 auf B.Cu
[unconnected_items]: Fehlende Verbindung zwischen Elementen
    Lokale Überschreibung; error
    @(157,8847 mm, 113,5790 mm): Durchsteckpad 1 [Net-(J3-Pin_1)] von J3
    @(178,1223 mm, 88,4552 mm): Pad 2 [Net-(J3-Pin_1)] von VCCSEL1 auf F.Cu
[unconnected_items]: Fehlende Verbindung zwischen Elementen
    Lokale Überschreibung; error
    @(160,5812 mm, 85,2913 mm): Pad 2 [Net-(JP1-B)] von JP1 auf B.Cu
    @(162,9544 mm, 95,4652 mm): Pad 7 [Net-(JP1-B)] von U5 auf F.Cu
[unconnected_items]: Fehlende Verbindung zwischen Elementen
    Lokale Überschreibung; error
    @(160,5812 mm, 83,9913 mm): Pad 1 [/LIS2MDL_INT] von JP1 auf B.Cu
    @(174,9530 mm, 98,5531 mm): Pad 16 [/LIS2MDL_INT] von U1 auf F.Cu
[unconnected_items]: Fehlende Verbindung zwischen Elementen
    Lokale Überschreibung; error
    @(163,3098 mm, 99,4410 mm): Pad 1 [Net-(JP6-A)] von R18 auf F.Cu
    @(168,0309 mm, 81,9358 mm): Pad 1 [Net-(JP6-A)] von JP6 auf B.Cu
[unconnected_items]: Fehlende Verbindung zwischen Elementen
    Lokale Überschreibung; error
    @(159,7792 mm, 99,5172 mm): Pad 1 [Net-(JP6-B)] von R16 auf F.Cu
    @(168,0309 mm, 84,5358 mm): Pad 3 [Net-(JP6-B)] von JP6 auf B.Cu
[unconnected_items]: Fehlende Verbindung zwischen Elementen
    Lokale Überschreibung; error
    @(171,1428 mm, 84,5377 mm): Pad 1 [/LIS2MDL_CS] von JP7 auf B.Cu
    @(174,9530 mm, 97,2831 mm): Pad 14 [/LIS2MDL_CS] von U1 auf F.Cu
[unconnected_items]: Fehlende Verbindung zwischen Elementen
    Lokale Überschreibung; error
    @(171,1428 mm, 83,2377 mm): Pad 2 [Net-(JP7-B)] von JP7 auf B.Cu
    @(163,4768 mm, 85,2405 mm): Pad 2 [Net-(JP7-B)] von JP9 auf B.Cu
[unconnected_items]: Fehlende Verbindung zwischen Elementen
    Lokale Überschreibung; error
    @(163,4768 mm, 85,2405 mm): Pad 2 [Net-(JP7-B)] von JP9 auf B.Cu
    @(162,4544 mm, 96,9652 mm): Pad 3 [Net-(JP7-B)] von U5 auf F.Cu
[unconnected_items]: Fehlende Verbindung zwischen Elementen
    Lokale Überschreibung; error
    @(163,4768 mm, 83,9405 mm): Pad 1 [Net-(JP9-A)] von JP9 auf B.Cu
    @(167,1828 mm, 95,4664 mm): Pad 2 [Net-(JP9-A)] von R15 auf F.Cu
[unconnected_items]: Fehlende Verbindung zwischen Elementen
    Lokale Überschreibung; error
    @(170,3721 mm, 106,5554 mm): Pad 1 [Net-(U1-DCH)] von L1 auf F.Cu
    @(172,8530 mm, 104,2631 mm): Pad 25 [Net-(U1-DCH)] von U1 auf F.Cu
[unconnected_items]: Fehlende Verbindung zwischen Elementen
    Lokale Überschreibung; error
    @(167,6945 mm, 91,3154 mm): Pad 1 [Net-(USBC1-CC2)] von R1 auf F.Cu
    @(167,8458 mm, 87,4141 mm): Pad B5 [Net-(USBC1-CC2)] von USBC1 auf F.Cu
[unconnected_items]: Fehlende Verbindung zwischen Elementen
    Lokale Überschreibung; error
    @(157,2429 mm, 104,1678 mm): Pad 2 [/BATTERY_PIN] von R2 auf F.Cu
    @(159,1479 mm, 104,1678 mm): Pad 1 [/BATTERY_PIN] von R3 auf F.Cu
[unconnected_items]: Fehlende Verbindung zwischen Elementen
    Lokale Überschreibung; error
    @(159,1479 mm, 104,1678 mm): Pad 1 [/BATTERY_PIN] von R3 auf F.Cu
    @(174,9530 mm, 99,8231 mm): Pad 18 [/BATTERY_PIN] von U1 auf F.Cu
[unconnected_items]: Fehlende Verbindung zwischen Elementen
    Lokale Überschreibung; error
    @(170,2298 mm, 93,1672 mm): Pad 1 [Net-(USBC1-CC1)] von R4 auf F.Cu
    @(170,8458 mm, 87,4141 mm): Pad A5 [Net-(USBC1-CC1)] von USBC1 auf F.Cu
[unconnected_items]: Fehlende Verbindung zwischen Elementen
    Lokale Überschreibung; error
    @(157,7641 mm, 106,3268 mm): Pad 1 [/LED1] von R5 auf F.Cu
    @(174,9530 mm, 102,3631 mm): Pad 22 [/LED1] von U1 auf F.Cu
[unconnected_items]: Fehlende Verbindung zwischen Elementen
    Lokale Überschreibung; error
    @(167,6117 mm, 104,3206 mm): Pad 12 [/LSM6DSV16_CS] von U4 auf F.Cu
    @(169,5619 mm, 103,0634 mm): Pad 2 [/LSM6DSV16_CS] von R10 auf F.Cu
[unconnected_items]: Fehlende Verbindung zwischen Elementen
    Lokale Überschreibung; error
    @(169,5619 mm, 103,0634 mm): Pad 2 [/LSM6DSV16_CS] von R10 auf F.Cu
    @(184,3630 mm, 93,3231 mm): Pad 3 [/LSM6DSV16_CS] von U1 auf F.Cu
[unconnected_items]: Fehlende Verbindung zwischen Elementen
    Lokale Überschreibung; error
    @(180,3917 mm, 113,9205 mm): Pad 1 [/QSPI_CS] von U3 auf F.Cu
    @(183,4303 mm, 111,1396 mm): Pad 2 [/QSPI_CS] von R11 auf F.Cu
[unconnected_items]: Fehlende Verbindung zwischen Elementen
    Lokale Überschreibung; error
    @(183,4303 mm, 111,1396 mm): Pad 2 [/QSPI_CS] von R11 auf F.Cu
    @(177,3530 mm, 104,2331 mm): Pad 28 [/QSPI_CS] von U1 auf F.Cu
[unconnected_items]: Fehlende Verbindung zwischen Elementen
    Lokale Überschreibung; error
    @(161,4544 mm, 96,9652 mm): Pad 1 [/I2C0_SCL] von U5 auf F.Cu
    @(161,4292 mm, 99,5172 mm): Pad 2 [/I2C0_SCL] von R16 auf F.Cu
[unconnected_items]: Fehlende Verbindung zwischen Elementen
    Lokale Überschreibung; error
    @(161,4292 mm, 99,5172 mm): Pad 2 [/I2C0_SCL] von R16 auf F.Cu
    @(186,2430 mm, 104,2231 mm): Pad 42 [/I2C0_SCL] von U1 auf F.Cu
[unconnected_items]: Fehlende Verbindung zwischen Elementen
    Lokale Überschreibung; error
    @(162,9544 mm, 96,9652 mm): Pad 4 [/I2C0_SDA] von U5 auf F.Cu
    @(164,9598 mm, 99,4410 mm): Pad 2 [/I2C0_SDA] von R18 auf F.Cu
[unconnected_items]: Fehlende Verbindung zwischen Elementen
    Lokale Überschreibung; error
    @(164,9598 mm, 99,4410 mm): Pad 2 [/I2C0_SDA] von R18 auf F.Cu
    @(184,9730 mm, 104,2331 mm): Pad 40 [/I2C0_SDA] von U1 auf F.Cu
[unconnected_items]: Fehlende Verbindung zwischen Elementen
    Lokale Überschreibung; error
    @(173,3117 mm, 110,1205 mm): Pad 5 [/QSPI_IO0] von U3 auf F.Cu
    @(178,6230 mm, 104,2331 mm): Pad 30 [/QSPI_IO0] von U1 auf F.Cu
[unconnected_items]: Fehlende Verbindung zwischen Elementen
    Lokale Überschreibung; error
    @(169,6212 mm, 95,1430 mm): Pad 1 [Net-(U1-XL1)] von Y2 auf F.Cu
    @(172,8530 mm, 95,3731 mm): Pad 11 [Net-(U1-XL1)] von U1 auf F.Cu
[unconnected_items]: Fehlende Verbindung zwischen Elementen
    Lokale Überschreibung; error
    @(170,3458 mm, 87,4141 mm): Pad B7 [/USB_D-] von USBC1 auf F.Cu
    @(169,3458 mm, 87,4141 mm): Pad A7 [/USB_D-] von USBC1 auf F.Cu
[unconnected_items]: Fehlende Verbindung zwischen Elementen
    Lokale Überschreibung; error
    @(177,9830 mm, 106,3231 mm): Pad 29 [/USB_D-] von U1 auf F.Cu
    @(170,3458 mm, 87,4141 mm): Pad B7 [/USB_D-] von USBC1 auf F.Cu
[unconnected_items]: Fehlende Verbindung zwischen Elementen
    Lokale Überschreibung; error
    @(167,6117 mm, 103,8206 mm): Pad 13 [/SPI1_SCLK] von U4 auf F.Cu
    @(185,6030 mm, 93,3231 mm): Pad 2 [/SPI1_SCLK] von U1 auf F.Cu
[unconnected_items]: Fehlende Verbindung zwischen Elementen
    Lokale Überschreibung; error
    @(154,7783 mm, 107,9428 mm): Pad 2 [/BTN1] von BTN1 auf F.Cu
    @(172,8530 mm, 97,9131 mm): Pad 15 [/BTN1] von U1 auf F.Cu
[unconnected_items]: Fehlende Verbindung zwischen Elementen
    Lokale Überschreibung; error
    @(169,6212 mm, 97,6430 mm): Pad 2 [Net-(U1-XL2)] von Y2 auf F.Cu
    @(172,8530 mm, 96,6431 mm): Pad 13 [Net-(U1-XL2)] von U1 auf F.Cu
[unconnected_items]: Fehlende Verbindung zwischen Elementen
    Lokale Überschreibung; error
    @(165,9417 mm, 102,6506 mm): Pad 4 [/LSM6DSV16_INT1] von U4 auf F.Cu
    @(182,4330 mm, 104,2331 mm): Pad 36 [/LSM6DSV16_INT1] von U1 auf F.Cu
[unconnected_items]: Fehlende Verbindung zwischen Elementen
    Lokale Überschreibung; error
    @(179,8930 mm, 104,2331 mm): Pad 32 [/QSPI_IO1] von U1 auf F.Cu
    @(180,3917 mm, 112,6505 mm): Pad 2 [/QSPI_IO1] von U3 auf F.Cu
[unconnected_items]: Fehlende Verbindung zwischen Elementen
    Lokale Überschreibung; error
    @(173,3117 mm, 112,6505 mm): Pad 7 [/QSPI_IO3] von U3 auf F.Cu
    @(181,7930 mm, 106,3231 mm): Pad 35 [/QSPI_IO3] von U1 auf F.Cu
[unconnected_items]: Fehlende Verbindung zwischen Elementen
    Lokale Überschreibung; error
    @(180,3917 mm, 111,3905 mm): Pad 3 [/QSPI_IO2] von U3 auf F.Cu
    @(181,1630 mm, 104,2331 mm): Pad 34 [/QSPI_IO2] von U1 auf F.Cu
[unconnected_items]: Fehlende Verbindung zwischen Elementen
    Lokale Überschreibung; error
    @(167,6117 mm, 103,3206 mm): Pad 14 [/SPI1_MOSI] von U4 auf F.Cu
    @(186,8730 mm, 93,3231 mm): Pad 1 [/SPI1_MOSI] von U1 auf F.Cu
[unconnected_items]: Fehlende Verbindung zwischen Elementen
    Lokale Überschreibung; error
    @(166,4417 mm, 104,9906 mm): Pad 9 [/LSM6DSV16_INT2] von U4 auf F.Cu
    @(183,7030 mm, 104,2331 mm): Pad 38 [/LSM6DSV16_INT2] von U1 auf F.Cu
[unconnected_items]: Fehlende Verbindung zwischen Elementen
    Lokale Überschreibung; error
    @(167,4417 mm, 102,6506 mm): Pad 1 [/SPI1_MISO] von U4 auf F.Cu
    @(180,5230 mm, 93,3231 mm): Pad 6 [/SPI1_MISO] von U1 auf F.Cu
[unconnected_items]: Fehlende Verbindung zwischen Elementen
    Lokale Überschreibung; error
    @(173,3117 mm, 111,3905 mm): Pad 6 [/QSPI_CLK] von U3 auf F.Cu
    @(180,5230 mm, 106,3231 mm): Pad 33 [/QSPI_CLK] von U1 auf F.Cu
[unconnected_items]: Fehlende Verbindung zwischen Elementen
    Lokale Überschreibung; error
    @(169,8458 mm, 87,4141 mm): Pad A6 [/USB_D+] von USBC1 auf F.Cu
    @(168,8458 mm, 87,4141 mm): Pad B6 [/USB_D+] von USBC1 auf F.Cu
[unconnected_items]: Fehlende Verbindung zwischen Elementen
    Lokale Überschreibung; error
    @(179,2530 mm, 106,3231 mm): Pad 31 [/USB_D+] von U1 auf F.Cu
    @(169,8458 mm, 87,4141 mm): Pad A6 [/USB_D+] von USBC1 auf F.Cu
[unconnected_items]: Fehlende Verbindung zwischen Elementen
    Lokale Überschreibung; error
    @(162,2953 mm, 110,1680 mm): Durchsteckpad 1 [Net-(Q1-D)] von BAT1
    @(165,9484 mm, 111,7666 mm): Pad 3 [Net-(Q1-D)] von Q1 auf F.Cu
[unconnected_items]: Fehlende Verbindung zwischen Elementen
    Lokale Überschreibung; error
    @(162,2953 mm, 88,6680 mm): Durchsteckpad 1 [Net-(Q1-D)] von BAT1
    @(162,2953 mm, 110,1680 mm): Durchsteckpad 1 [Net-(Q1-D)] von BAT1
[unconnected_items]: Fehlende Verbindung zwischen Elementen
    Lokale Überschreibung; error
    @(163,8046 mm, 115,3170 mm): Pad 2 [Net-(Q1-G)] von R6 auf F.Cu
    @(164,9984 mm, 113,7666 mm): Pad 1 [Net-(Q1-G)] von Q1 auf F.Cu

** Found 0 Footprint errors **

** End of Report **
